// Jest Snapshot v1, https://goo.gl/fbAQLP

exports[`Profile should render properly 1`] = `"<div class=\\"app__profile app__route\\"><div class=\\"app__container\\"></div></div>"`;
