// Jest Snapshot v1, https://goo.gl/fbAQLP

exports[`Avatar should render properly 1`] = `"<div class=\\"app__avatar\\"><img class=\\"app__avatar__image\\" src=\\"\\" alt=\\"No Avatar\\"></div>"`;
