// Jest Snapshot v1, https://goo.gl/fbAQLP

exports[`Carousel should render properly 1`] = `"<div class=\\"app__carousel\\"><div class=\\"app__carousel__inner\\"><div class=\\"app__carousel__inner__item prev\\"><div class=\\"animated\\" style=\\"animation-duration: 1s; opacity: 0;\\"><div class=\\"app__carousel__indicator__prev\\"><span class=\\"i-long-arrow-left\\"></span></div><div class=\\"app__carousel__inner__item__content\\"><img src=\\"\\" alt=\\"No Carousel\\"><p class=\\"app__carousel__inner__item__description\\">\\"Aimedis supports patients and doctors by making data available quickly and reliable which results in a quick, easy and efficient treatment.\\"</p><p class=\\"app__carousel__inner__item__name\\">Rizmy Shariff</p><p class=\\"app__carousel__inner__item__caption\\">Family doctor Solingen Germany</p><p class=\\"app__carousel__inner__item__quotation\\">“</p></div></div></div><div class=\\"app__carousel__inner__item active\\"><div class=\\"animated\\" style=\\"animation-duration: 1s; opacity: 0;\\"><div class=\\"app__carousel__inner__item__content\\"><img src=\\"\\" alt=\\"No Carousel\\"><p class=\\"app__carousel__inner__item__description\\">\\"Aimedis supports patients and doctors by making data available quickly and reliable which results in a quick, easy and efficient treatment.\\"</p><p class=\\"app__carousel__inner__item__name\\">Rizmy Shariff</p><p class=\\"app__carousel__inner__item__caption\\">Family doctor Solingen Germany</p><p class=\\"app__carousel__inner__item__quotation\\">“</p></div></div></div><div class=\\"app__carousel__inner__item next\\"><div class=\\"animated\\" style=\\"animation-duration: 1s; opacity: 0;\\"><div class=\\"app__carousel__inner__item__content\\"><img src=\\"\\" alt=\\"No Carousel\\"><p class=\\"app__carousel__inner__item__description\\">\\"Aimedis supports patients and doctors by making data available quickly and reliable which results in a quick, easy and efficient treatment.\\"</p><p class=\\"app__carousel__inner__item__name\\">Rizmy Shariff</p><p class=\\"app__carousel__inner__item__caption\\">Family doctor Solingen Germany</p><p class=\\"app__carousel__inner__item__quotation\\">“</p></div><div class=\\"app__carousel__indicator__next\\"><span class=\\"i-long-arrow-right\\"></span></div></div></div></div></div>"`;

exports[`Carousel should render properly 2`] = `"<div class=\\"app__carousel\\"><div class=\\"app__carousel__inner\\"><div class=\\"app__carousel__inner__item prev\\"><div class=\\"animated\\" style=\\"animation-duration: 1s; opacity: 0;\\"><div class=\\"app__carousel__indicator__prev\\"><span class=\\"i-long-arrow-left\\"></span></div><div class=\\"app__carousel__inner__item__content\\"><img src=\\"\\" alt=\\"No Carousel\\"><p class=\\"app__carousel__inner__item__description\\">\\"Aimedis supports patients and doctors by making data available quickly and reliable which results in a quick, easy and efficient treatment.\\"</p><p class=\\"app__carousel__inner__item__name\\">Rizmy Shariff</p><p class=\\"app__carousel__inner__item__caption\\">Family doctor Solingen Germany</p><p class=\\"app__carousel__inner__item__quotation\\">“</p></div></div></div><div class=\\"app__carousel__inner__item active\\"><div class=\\"animated\\" style=\\"animation-duration: 1s; opacity: 0;\\"><div class=\\"app__carousel__inner__item__content\\"><img src=\\"\\" alt=\\"No Carousel\\"><p class=\\"app__carousel__inner__item__description\\">\\"Aimedis supports patients and doctors by making data available quickly and reliable which results in a quick, easy and efficient treatment.\\"</p><p class=\\"app__carousel__inner__item__name\\">Rizmy Shariff</p><p class=\\"app__carousel__inner__item__caption\\">Family doctor Solingen Germany</p><p class=\\"app__carousel__inner__item__quotation\\">“</p></div></div></div><div class=\\"app__carousel__inner__item next\\"><div class=\\"animated\\" style=\\"animation-duration: 1s; opacity: 0;\\"><div class=\\"app__carousel__inner__item__content\\"><img src=\\"\\" alt=\\"No Carousel\\"><p class=\\"app__carousel__inner__item__description\\">\\"Aimedis supports patients and doctors by making data available quickly and reliable which results in a quick, easy and efficient treatment.\\"</p><p class=\\"app__carousel__inner__item__name\\">Rizmy Shariff</p><p class=\\"app__carousel__inner__item__caption\\">Family doctor Solingen Germany</p><p class=\\"app__carousel__inner__item__quotation\\">“</p></div><div class=\\"app__carousel__indicator__next\\"><span class=\\"i-long-arrow-right\\"></span></div></div></div></div></div>"`;

exports[`Carousel should render properly 3`] = `"<div class=\\"app__carousel\\"><div class=\\"app__carousel__inner\\"><div class=\\"app__carousel__inner__item prev\\"><div class=\\"animated\\" style=\\"animation-duration: 1s; opacity: 0;\\"><div class=\\"app__carousel__indicator__prev\\"><span class=\\"i-long-arrow-left\\"></span></div><div class=\\"app__carousel__inner__item__content\\"><img src=\\"\\" alt=\\"No Carousel\\"><p class=\\"app__carousel__inner__item__description\\">\\"Aimedis supports patients and doctors by making data available quickly and reliable which results in a quick, easy and efficient treatment.\\"</p><p class=\\"app__carousel__inner__item__name\\">Rizmy Shariff</p><p class=\\"app__carousel__inner__item__caption\\">Family doctor Solingen Germany</p><p class=\\"app__carousel__inner__item__quotation\\">“</p></div></div></div><div class=\\"app__carousel__inner__item active\\"><div class=\\"animated\\" style=\\"animation-duration: 1s; opacity: 0;\\"><div class=\\"app__carousel__inner__item__content\\"><img src=\\"\\" alt=\\"No Carousel\\"><p class=\\"app__carousel__inner__item__description\\">\\"Aimedis supports patients and doctors by making data available quickly and reliable which results in a quick, easy and efficient treatment.\\"</p><p class=\\"app__carousel__inner__item__name\\">Rizmy Shariff</p><p class=\\"app__carousel__inner__item__caption\\">Family doctor Solingen Germany</p><p class=\\"app__carousel__inner__item__quotation\\">“</p></div></div></div><div class=\\"app__carousel__inner__item next\\"><div class=\\"animated\\" style=\\"animation-duration: 1s; opacity: 0;\\"><div class=\\"app__carousel__inner__item__content\\"><img src=\\"\\" alt=\\"No Carousel\\"><p class=\\"app__carousel__inner__item__description\\">\\"Aimedis supports patients and doctors by making data available quickly and reliable which results in a quick, easy and efficient treatment.\\"</p><p class=\\"app__carousel__inner__item__name\\">Rizmy Shariff</p><p class=\\"app__carousel__inner__item__caption\\">Family doctor Solingen Germany</p><p class=\\"app__carousel__inner__item__quotation\\">“</p></div><div class=\\"app__carousel__indicator__next\\"><span class=\\"i-long-arrow-right\\"></span></div></div></div></div></div>"`;
