// Jest Snapshot v1, https://goo.gl/fbAQLP

exports[`Footer should render properly 1`] = `"<div class=\\"animated\\" style=\\"opacity: 0;\\"><footer class=\\"app__footer\\"><div class=\\"container\\"><div class=\\"app__footer__content\\"><div class=\\"row\\"><div class=\\"col-12 col-lg-3\\"><div class=\\"app__footer__content__logo\\"><a href=\\"/\\"><div class=\\"app__logo\\"><img src=\\"\\" alt=\\"aimedis-landing-page\\"></div></a></div><div class=\\"app__footer__content__copyright\\">Copyright 2018 Aimedis B.V.</div></div><div class=\\"col-12 col-lg-5 offset-lg-1\\"><div class=\\"app__footer__content__menu\\"><div class=\\"row\\"><div class=\\"col-6\\"><ul><li><a href=\\"/\\">home</a></li><li><a href=\\"/product\\">product</a></li><li><a href=\\"/blog\\">blog</a></li><li><a href=\\"/about\\">about us</a></li><li><a href=\\"/institutions\\">institutions</a></li><li><a href=\\"/token-sale\\">Token sale</a></li></ul></div><div class=\\"col-6\\"><ul><li><a href=\\"/contact\\">Contact us</a></li><li><a href=\\"/career\\">Career<span class=\\"separator\\">|</span><span class=\\"hire\\">We are hiring!</span></a></li><li><a href=\\"/investor\\">For investors</a></li><li><a href=\\"/support\\">Support</a></li></ul></div></div></div></div><div class=\\"col-12 col-lg-2 offset-lg-1\\"><div class=\\"app__footer__content__social\\"><div class=\\"app__footer__content__social__icon\\"><div class=\\"app__footer__content__social__icon__item\\"><img src=\\"\\" alt=\\"No asset\\"></div><div class=\\"app__footer__content__social__icon__item\\"><img src=\\"\\" alt=\\"No asset\\"></div><div class=\\"app__footer__content__social__icon__item\\"><img src=\\"\\" alt=\\"No asset\\"></div><div class=\\"app__footer__content__social__icon__item\\"><img src=\\"\\" alt=\\"No asset\\"></div><div class=\\"app__footer__content__social__icon__item\\"><img src=\\"\\" alt=\\"No asset\\"></div><div class=\\"app__footer__content__social__icon__item\\"><img src=\\"\\" alt=\\"No asset\\"></div><div class=\\"app__footer__content__social__icon__item\\"><img src=\\"\\" alt=\\"No asset\\"></div><div class=\\"app__footer__content__social__icon__item\\"><img src=\\"\\" alt=\\"No asset\\"></div><div class=\\"app__footer__content__social__icon__item\\"><img src=\\"\\" alt=\\"No asset\\"></div><div class=\\"app__footer__content__social__icon__item\\"><img src=\\"\\" alt=\\"No asset\\"></div><div class=\\"app__footer__content__social__icon__item\\"><img src=\\"\\" alt=\\"No asset\\"></div></div><div class=\\"app__footer__content__social__terms\\"><a href=\\"/terms\\">Terms</a><a href=\\"/policy\\">Policy</a></div></div></div></div></div></div></footer></div>"`;
