// Jest Snapshot v1, https://goo.gl/fbAQLP

exports[`InputBox should render properly 1`] = `"<div class=\\"app__input\\"><div class=\\"app__input__label\\">Name or Company</div><input type=\\"text\\" class=\\"app__input__text\\" style=\\"height: 3.5rem;\\"></div>"`;
