// Jest Snapshot v1, https://goo.gl/fbAQLP

exports[`Location should render properly 1`] = `"<div style=\\"height: 100%;\\"></div>"`;
