// Jest Snapshot v1, https://goo.gl/fbAQLP

exports[`Logo should render properly 1`] = `"<div class=\\"app__logo\\"><img src=\\"\\" alt=\\"aimedis-landing-page\\"></div>"`;
