// Jest Snapshot v1, https://goo.gl/fbAQLP

exports[`VideoMask should render properly 1`] = `"<div class=\\"app__video__mask\\"><div class=\\"app__video__mask__button\\"><div class=\\"app__video__mask__circle app__video__mask__circle1\\"></div><div class=\\"app__video__mask__circle app__video__mask__circle2\\"></div><div class=\\"app__video__mask__circle app__video__mask__circle3\\"></div><div class=\\"app__video__mask__triangle\\"></div></div><div class=\\" d-none\\"><div class=\\"app__video__mask__background\\"></div><div class=\\"app__video__mask__player\\"><div class=\\"video-react-controls-enabled video-react-paused video-react-fluid video-react-user-active video-react-workinghover video-react\\" style=\\"padding-top: 56.25%;\\" role=\\"region\\" tabindex=\\"-1\\"><video class=\\"video-react-video\\" preload=\\"auto\\" src=\\"http://media.w3.org/2010/05/bunny/movie.mp4\\"></video><div class=\\"video-react-loading-spinner\\"></div><button class=\\"video-react-big-play-button video-react-big-play-button-left big-play-button-hide\\" type=\\"button\\" aria-live=\\"polite\\" tabindex=\\"0\\"><span class=\\"video-react-control-text\\">Play Video</span></button><div class=\\"video-react-control-bar video-react-control-bar-auto-hide\\"><button class=\\"video-react-play-control video-react-control video-react-button video-react-paused\\" type=\\"button\\" tabindex=\\"0\\"><span class=\\"video-react-control-text\\">Play</span></button><div class=\\"video-react-volume-menu-button-horizontal video-react-vol-3 video-react-volume-menu-button video-react-menu-button-inline video-react-control video-react-button video-react-menu-button\\" role=\\"button\\" tabindex=\\"0\\"><div class=\\"video-react-menu\\"><div class=\\"video-react-menu-content\\"><div class=\\"video-react-volume-bar video-react-slider-bar video-react-slider-horizontal video-react-slider\\" tabindex=\\"0\\" aria-label=\\"volume level\\" aria-valuenow=\\"100.00\\" aria-valuetext=\\"100.00%\\" aria-valuemin=\\"0\\" aria-valuemax=\\"100\\"><div class=\\"video-react-volume-level\\" style=\\"width: 100.00%;\\"><span class=\\"video-react-control-text\\"></span></div></div></div></div></div><div class=\\"video-react-current-time video-react-time-control video-react-control\\"><div class=\\"video-react-current-time-display\\" aria-live=\\"off\\"><span class=\\"video-react-control-text\\">Current Time </span>0:00</div></div><div class=\\"video-react-time-control video-react-time-divider\\" dir=\\"ltr\\"><div><span>/</span></div></div><div class=\\"video-react-duration video-react-time-control video-react-control\\"><div class=\\"video-react-duration-display\\" aria-live=\\"off\\"><span class=\\"video-react-control-text\\">Duration Time </span>0:00</div></div><div class=\\"video-react-progress-control video-react-control\\"><div class=\\"video-react-progress-holder video-react-slider-horizontal video-react-slider\\" tabindex=\\"0\\" aria-label=\\"video progress bar\\" aria-valuenow=\\"NaN\\" aria-valuetext=\\"0:00\\" aria-valuemin=\\"0\\" aria-valuemax=\\"100\\"><div data-current-time=\\"0:00\\" class=\\"video-react-play-progress video-react-slider-bar\\"><span class=\\"video-react-control-text\\"><span>Progress</span>: NaN%</span></div></div></div><button class=\\"video-react-icon-fullscreen video-react-fullscreen-control video-react-control video-react-button video-react-icon\\" type=\\"button\\" tabindex=\\"0\\"><span class=\\"video-react-control-text\\">Non-Fullscreen</span></button></div></div><div class=\\"app__video__mask__player__close\\"><i class=\\"i-close\\"></i></div></div></div></div>"`;
