// Jest Snapshot v1, https://goo.gl/fbAQLP

exports[`routes/ProductRoute should render the Product Page for authenticated access 1`] = `"<div data-reactroot=\\"\\">Product</div>"`;

exports[`routes/ProductRoute should render the Product Page for unauthenticated access 1`] = `"<div data-reactroot=\\"\\">Product</div>"`;
