// Jest Snapshot v1, https://goo.gl/fbAQLP

exports[`routes/ProfileRoute should render Profile Page for authenticated access 1`] = `"<div data-reactroot=\\"\\">PROFILE</div>"`;

exports[`routes/ProfileRoute should render Profile Page for unauthenticated access 1`] = `"<div id=\\"redirect\\" data-reactroot=\\"\\"></div>"`;
