// Jest Snapshot v1, https://goo.gl/fbAQLP

exports[`routes/SupportRoute should render the Support Page for authenticated access 1`] = `"<div data-reactroot=\\"\\">Support</div>"`;

exports[`routes/SupportRoute should render the Support Page for unauthenticated access 1`] = `"<div data-reactroot=\\"\\">Support</div>"`;
